Archive member included because of file (symbol)

c:/program files (x86)/atmel/avr studio 5.1/extensions/atmel/avrgcc/3.3.1.27/avrtoolchain/bin/../lib/gcc/avr/4.5.1/../../../../avr/lib/avrxmega6\libm.a(addsf3.o)
                              AccelRecorderProgram.o (__addsf3)
c:/program files (x86)/atmel/avr studio 5.1/extensions/atmel/avrgcc/3.3.1.27/avrtoolchain/bin/../lib/gcc/avr/4.5.1/../../../../avr/lib/avrxmega6\libm.a(addsf3x.o)
                              c:/program files (x86)/atmel/avr studio 5.1/extensions/atmel/avrgcc/3.3.1.27/avrtoolchain/bin/../lib/gcc/avr/4.5.1/../../../../avr/lib/avrxmega6\libm.a(addsf3.o) (__addsf3x)
c:/program files (x86)/atmel/avr studio 5.1/extensions/atmel/avrgcc/3.3.1.27/avrtoolchain/bin/../lib/gcc/avr/4.5.1/../../../../avr/lib/avrxmega6\libm.a(cmpsf2.o)
                              adc_driver.o (__ltsf2)
c:/program files (x86)/atmel/avr studio 5.1/extensions/atmel/avrgcc/3.3.1.27/avrtoolchain/bin/../lib/gcc/avr/4.5.1/../../../../avr/lib/avrxmega6\libm.a(divsf3.o)
                              adc_driver.o (__divsf3)
c:/program files (x86)/atmel/avr studio 5.1/extensions/atmel/avrgcc/3.3.1.27/avrtoolchain/bin/../lib/gcc/avr/4.5.1/../../../../avr/lib/avrxmega6\libm.a(divsf3x.o)
                              c:/program files (x86)/atmel/avr studio 5.1/extensions/atmel/avrgcc/3.3.1.27/avrtoolchain/bin/../lib/gcc/avr/4.5.1/../../../../avr/lib/avrxmega6\libm.a(divsf3.o) (__divsf3x)
c:/program files (x86)/atmel/avr studio 5.1/extensions/atmel/avrgcc/3.3.1.27/avrtoolchain/bin/../lib/gcc/avr/4.5.1/../../../../avr/lib/avrxmega6\libm.a(fixunssfsi.o)
                              adc_driver.o (__fixunssfsi)
c:/program files (x86)/atmel/avr studio 5.1/extensions/atmel/avrgcc/3.3.1.27/avrtoolchain/bin/../lib/gcc/avr/4.5.1/../../../../avr/lib/avrxmega6\libm.a(floatsisf.o)
                              AccelRecorderProgram.o (__floatunsisf)
c:/program files (x86)/atmel/avr studio 5.1/extensions/atmel/avrgcc/3.3.1.27/avrtoolchain/bin/../lib/gcc/avr/4.5.1/../../../../avr/lib/avrxmega6\libm.a(floor.o)
                              AccelRecorderProgram.o (floor)
c:/program files (x86)/atmel/avr studio 5.1/extensions/atmel/avrgcc/3.3.1.27/avrtoolchain/bin/../lib/gcc/avr/4.5.1/../../../../avr/lib/avrxmega6\libm.a(fp_cmp.o)
                              c:/program files (x86)/atmel/avr studio 5.1/extensions/atmel/avrgcc/3.3.1.27/avrtoolchain/bin/../lib/gcc/avr/4.5.1/../../../../avr/lib/avrxmega6\libm.a(cmpsf2.o) (__fp_cmp)
c:/program files (x86)/atmel/avr studio 5.1/extensions/atmel/avrgcc/3.3.1.27/avrtoolchain/bin/../lib/gcc/avr/4.5.1/../../../../avr/lib/avrxmega6\libm.a(fp_inf.o)
                              c:/program files (x86)/atmel/avr studio 5.1/extensions/atmel/avrgcc/3.3.1.27/avrtoolchain/bin/../lib/gcc/avr/4.5.1/../../../../avr/lib/avrxmega6\libm.a(addsf3x.o) (__fp_inf)
c:/program files (x86)/atmel/avr studio 5.1/extensions/atmel/avrgcc/3.3.1.27/avrtoolchain/bin/../lib/gcc/avr/4.5.1/../../../../avr/lib/avrxmega6\libm.a(fp_mintl.o)
                              c:/program files (x86)/atmel/avr studio 5.1/extensions/atmel/avrgcc/3.3.1.27/avrtoolchain/bin/../lib/gcc/avr/4.5.1/../../../../avr/lib/avrxmega6\libm.a(floor.o) (__fp_mintl)
c:/program files (x86)/atmel/avr studio 5.1/extensions/atmel/avrgcc/3.3.1.27/avrtoolchain/bin/../lib/gcc/avr/4.5.1/../../../../avr/lib/avrxmega6\libm.a(fp_mpack.o)
                              c:/program files (x86)/atmel/avr studio 5.1/extensions/atmel/avrgcc/3.3.1.27/avrtoolchain/bin/../lib/gcc/avr/4.5.1/../../../../avr/lib/avrxmega6\libm.a(floor.o) (__fp_mpack)
c:/program files (x86)/atmel/avr studio 5.1/extensions/atmel/avrgcc/3.3.1.27/avrtoolchain/bin/../lib/gcc/avr/4.5.1/../../../../avr/lib/avrxmega6\libm.a(fp_nan.o)
                              c:/program files (x86)/atmel/avr studio 5.1/extensions/atmel/avrgcc/3.3.1.27/avrtoolchain/bin/../lib/gcc/avr/4.5.1/../../../../avr/lib/avrxmega6\libm.a(addsf3x.o) (__fp_nan)
c:/program files (x86)/atmel/avr studio 5.1/extensions/atmel/avrgcc/3.3.1.27/avrtoolchain/bin/../lib/gcc/avr/4.5.1/../../../../avr/lib/avrxmega6\libm.a(fp_pscA.o)
                              c:/program files (x86)/atmel/avr studio 5.1/extensions/atmel/avrgcc/3.3.1.27/avrtoolchain/bin/../lib/gcc/avr/4.5.1/../../../../avr/lib/avrxmega6\libm.a(addsf3x.o) (__fp_pscA)
c:/program files (x86)/atmel/avr studio 5.1/extensions/atmel/avrgcc/3.3.1.27/avrtoolchain/bin/../lib/gcc/avr/4.5.1/../../../../avr/lib/avrxmega6\libm.a(fp_pscB.o)
                              c:/program files (x86)/atmel/avr studio 5.1/extensions/atmel/avrgcc/3.3.1.27/avrtoolchain/bin/../lib/gcc/avr/4.5.1/../../../../avr/lib/avrxmega6\libm.a(addsf3x.o) (__fp_pscB)
c:/program files (x86)/atmel/avr studio 5.1/extensions/atmel/avrgcc/3.3.1.27/avrtoolchain/bin/../lib/gcc/avr/4.5.1/../../../../avr/lib/avrxmega6\libm.a(fp_round.o)
                              c:/program files (x86)/atmel/avr studio 5.1/extensions/atmel/avrgcc/3.3.1.27/avrtoolchain/bin/../lib/gcc/avr/4.5.1/../../../../avr/lib/avrxmega6\libm.a(addsf3.o) (__fp_round)
c:/program files (x86)/atmel/avr studio 5.1/extensions/atmel/avrgcc/3.3.1.27/avrtoolchain/bin/../lib/gcc/avr/4.5.1/../../../../avr/lib/avrxmega6\libm.a(fp_split3.o)
                              c:/program files (x86)/atmel/avr studio 5.1/extensions/atmel/avrgcc/3.3.1.27/avrtoolchain/bin/../lib/gcc/avr/4.5.1/../../../../avr/lib/avrxmega6\libm.a(addsf3x.o) (__fp_split3)
c:/program files (x86)/atmel/avr studio 5.1/extensions/atmel/avrgcc/3.3.1.27/avrtoolchain/bin/../lib/gcc/avr/4.5.1/../../../../avr/lib/avrxmega6\libm.a(fp_trunc.o)
                              c:/program files (x86)/atmel/avr studio 5.1/extensions/atmel/avrgcc/3.3.1.27/avrtoolchain/bin/../lib/gcc/avr/4.5.1/../../../../avr/lib/avrxmega6\libm.a(floor.o) (__fp_trunc)
c:/program files (x86)/atmel/avr studio 5.1/extensions/atmel/avrgcc/3.3.1.27/avrtoolchain/bin/../lib/gcc/avr/4.5.1/../../../../avr/lib/avrxmega6\libm.a(fp_zero.o)
                              c:/program files (x86)/atmel/avr studio 5.1/extensions/atmel/avrgcc/3.3.1.27/avrtoolchain/bin/../lib/gcc/avr/4.5.1/../../../../avr/lib/avrxmega6\libm.a(addsf3x.o) (__fp_zero)
c:/program files (x86)/atmel/avr studio 5.1/extensions/atmel/avrgcc/3.3.1.27/avrtoolchain/bin/../lib/gcc/avr/4.5.1/../../../../avr/lib/avrxmega6\libm.a(gesf2.o)
                              adc_driver.o (__gtsf2)
c:/program files (x86)/atmel/avr studio 5.1/extensions/atmel/avrgcc/3.3.1.27/avrtoolchain/bin/../lib/gcc/avr/4.5.1/../../../../avr/lib/avrxmega6\libm.a(mulsf3.o)
                              adc_driver.o (__mulsf3)
c:/program files (x86)/atmel/avr studio 5.1/extensions/atmel/avrgcc/3.3.1.27/avrtoolchain/bin/../lib/gcc/avr/4.5.1/../../../../avr/lib/avrxmega6\libm.a(mulsf3x.o)
                              c:/program files (x86)/atmel/avr studio 5.1/extensions/atmel/avrgcc/3.3.1.27/avrtoolchain/bin/../lib/gcc/avr/4.5.1/../../../../avr/lib/avrxmega6\libm.a(mulsf3.o) (__mulsf3x)
c:/program files (x86)/atmel/avr studio 5.1/extensions/atmel/avrgcc/3.3.1.27/avrtoolchain/bin/../lib/gcc/avr/4.5.1/avrxmega6\libgcc.a(_mulsi3.o)
                              ff.o (__mulsi3)
c:/program files (x86)/atmel/avr studio 5.1/extensions/atmel/avrgcc/3.3.1.27/avrtoolchain/bin/../lib/gcc/avr/4.5.1/avrxmega6\libgcc.a(_divmodhi4.o)
                              AccelRecorderProgram.o (__divmodhi4)
c:/program files (x86)/atmel/avr studio 5.1/extensions/atmel/avrgcc/3.3.1.27/avrtoolchain/bin/../lib/gcc/avr/4.5.1/avrxmega6\libgcc.a(_udivmodsi4.o)
                              ff.o (__udivmodsi4)
c:/program files (x86)/atmel/avr studio 5.1/extensions/atmel/avrgcc/3.3.1.27/avrtoolchain/bin/../lib/gcc/avr/4.5.1/avrxmega6\libgcc.a(_exit.o)
                              c:/program files (x86)/atmel/avr studio 5.1/extensions/atmel/avrgcc/3.3.1.27/avrtoolchain/bin/../lib/gcc/avr/4.5.1/../../../../avr/lib/avrxmega6/crtx256a3b.o (exit)
c:/program files (x86)/atmel/avr studio 5.1/extensions/atmel/avrgcc/3.3.1.27/avrtoolchain/bin/../lib/gcc/avr/4.5.1/avrxmega6\libgcc.a(_copy_data.o)
                              ff.o (__do_copy_data)
c:/program files (x86)/atmel/avr studio 5.1/extensions/atmel/avrgcc/3.3.1.27/avrtoolchain/bin/../lib/gcc/avr/4.5.1/avrxmega6\libgcc.a(_clear_bss.o)
                              ff.o (__do_clear_bss)
c:/program files (x86)/atmel/avr studio 5.1/extensions/atmel/avrgcc/3.3.1.27/avrtoolchain/bin/../lib/gcc/avr/4.5.1/avrxmega6\libgcc.a(_udivmodhi4.o)
                              c:/program files (x86)/atmel/avr studio 5.1/extensions/atmel/avrgcc/3.3.1.27/avrtoolchain/bin/../lib/gcc/avr/4.5.1/avrxmega6\libgcc.a(_divmodhi4.o) (__udivmodhi4)
c:/program files (x86)/atmel/avr studio 5.1/extensions/atmel/avrgcc/3.3.1.27/avrtoolchain/bin/../lib/gcc/avr/4.5.1/../../../../avr/lib/avrxmega6\libc.a(sprintf.o)
                              AccelRecorderProgram.o (sprintf)
c:/program files (x86)/atmel/avr studio 5.1/extensions/atmel/avrgcc/3.3.1.27/avrtoolchain/bin/../lib/gcc/avr/4.5.1/../../../../avr/lib/avrxmega6\libc.a(vfprintf_std.o)
                              c:/program files (x86)/atmel/avr studio 5.1/extensions/atmel/avrgcc/3.3.1.27/avrtoolchain/bin/../lib/gcc/avr/4.5.1/../../../../avr/lib/avrxmega6\libc.a(sprintf.o) (vfprintf)
c:/program files (x86)/atmel/avr studio 5.1/extensions/atmel/avrgcc/3.3.1.27/avrtoolchain/bin/../lib/gcc/avr/4.5.1/../../../../avr/lib/avrxmega6\libc.a(strnlen_P.o)
                              c:/program files (x86)/atmel/avr studio 5.1/extensions/atmel/avrgcc/3.3.1.27/avrtoolchain/bin/../lib/gcc/avr/4.5.1/../../../../avr/lib/avrxmega6\libc.a(vfprintf_std.o) (strnlen_P)
c:/program files (x86)/atmel/avr studio 5.1/extensions/atmel/avrgcc/3.3.1.27/avrtoolchain/bin/../lib/gcc/avr/4.5.1/../../../../avr/lib/avrxmega6\libc.a(strnlen.o)
                              c:/program files (x86)/atmel/avr studio 5.1/extensions/atmel/avrgcc/3.3.1.27/avrtoolchain/bin/../lib/gcc/avr/4.5.1/../../../../avr/lib/avrxmega6\libc.a(vfprintf_std.o) (strnlen)
c:/program files (x86)/atmel/avr studio 5.1/extensions/atmel/avrgcc/3.3.1.27/avrtoolchain/bin/../lib/gcc/avr/4.5.1/../../../../avr/lib/avrxmega6\libc.a(fputc.o)
                              c:/program files (x86)/atmel/avr studio 5.1/extensions/atmel/avrgcc/3.3.1.27/avrtoolchain/bin/../lib/gcc/avr/4.5.1/../../../../avr/lib/avrxmega6\libc.a(vfprintf_std.o) (fputc)
c:/program files (x86)/atmel/avr studio 5.1/extensions/atmel/avrgcc/3.3.1.27/avrtoolchain/bin/../lib/gcc/avr/4.5.1/../../../../avr/lib/avrxmega6\libc.a(ultoa_invert.o)
                              c:/program files (x86)/atmel/avr studio 5.1/extensions/atmel/avrgcc/3.3.1.27/avrtoolchain/bin/../lib/gcc/avr/4.5.1/../../../../avr/lib/avrxmega6\libc.a(vfprintf_std.o) (__ultoa_invert)

Allocating common symbols
Common symbol       size              file

fs                  0x232             AccelRecorderProgram.o
buff                0x78              AccelRecorderProgram.o
fzap                0x222             AccelRecorderProgram.o
br                  0x2               AccelRecorderProgram.o
fsrc                0x222             AccelRecorderProgram.o
miesiac             0x1               AccelRecorderProgram.o
result              0x6               AccelRecorderProgram.o
godzina             0x1               AccelRecorderProgram.o
offset              0x2               AccelRecorderProgram.o
rok                 0x1               AccelRecorderProgram.o
res                 0x1               AccelRecorderProgram.o
flis                0x222             AccelRecorderProgram.o
minuty              0x1               AccelRecorderProgram.o
dzien               0x1               AccelRecorderProgram.o

Memory Configuration

Name             Origin             Length             Attributes
text             0x00000000         0x00100000         xr
data             0x00802000         0x0000ffa0         rw !x
eeprom           0x00810000         0x00010000         rw !x
fuse             0x00820000         0x00000400         rw !x
lock             0x00830000         0x00000400         rw !x
signature        0x00840000         0x00000400         rw !x
*default*        0x00000000         0xffffffff

Linker script and memory map

LOAD c:/program files (x86)/atmel/avr studio 5.1/extensions/atmel/avrgcc/3.3.1.27/avrtoolchain/bin/../lib/gcc/avr/4.5.1/../../../../avr/lib/avrxmega6/crtx256a3b.o
LOAD adc_driver.o
LOAD clksys_driver.o
LOAD ff.o
LOAD AccelRecorderProgram.o
LOAD mmc.o
LOAD rtc32_driver.o
LOAD vbat.o
LOAD xitoa.o
LOAD c:/program files (x86)/atmel/avr studio 5.1/extensions/atmel/avrgcc/3.3.1.27/avrtoolchain/bin/../lib/gcc/avr/4.5.1/../../../../avr/lib/avrxmega6\libm.a
                0x00004000                __stack = 0x4000
LOAD c:/program files (x86)/atmel/avr studio 5.1/extensions/atmel/avrgcc/3.3.1.27/avrtoolchain/bin/../lib/gcc/avr/4.5.1/avrxmega6\libgcc.a
LOAD c:/program files (x86)/atmel/avr studio 5.1/extensions/atmel/avrgcc/3.3.1.27/avrtoolchain/bin/../lib/gcc/avr/4.5.1/../../../../avr/lib/avrxmega6\libc.a
LOAD c:/program files (x86)/atmel/avr studio 5.1/extensions/atmel/avrgcc/3.3.1.27/avrtoolchain/bin/../lib/gcc/avr/4.5.1/avrxmega6\libgcc.a

.hash
 *(.hash)

.dynsym
 *(.dynsym)

.dynstr
 *(.dynstr)

.gnu.version
 *(.gnu.version)

.gnu.version_d
 *(.gnu.version_d)

.gnu.version_r
 *(.gnu.version_r)

.rel.init
 *(.rel.init)

.rela.init
 *(.rela.init)

.rel.text
 *(.rel.text)
 *(.rel.text.*)
 *(.rel.gnu.linkonce.t*)

.rela.text
 *(.rela.text)
 *(.rela.text.*)
 *(.rela.gnu.linkonce.t*)

.rel.fini
 *(.rel.fini)

.rela.fini
 *(.rela.fini)

.rel.rodata
 *(.rel.rodata)
 *(.rel.rodata.*)
 *(.rel.gnu.linkonce.r*)

.rela.rodata
 *(.rela.rodata)
 *(.rela.rodata.*)
 *(.rela.gnu.linkonce.r*)

.rel.data
 *(.rel.data)
 *(.rel.data.*)
 *(.rel.gnu.linkonce.d*)

.rela.data
 *(.rela.data)
 *(.rela.data.*)
 *(.rela.gnu.linkonce.d*)

.rel.ctors
 *(.rel.ctors)

.rela.ctors
 *(.rela.ctors)

.rel.dtors
 *(.rel.dtors)

.rela.dtors
 *(.rela.dtors)

.rel.got
 *(.rel.got)

.rela.got
 *(.rela.got)

.rel.bss
 *(.rel.bss)

.rela.bss
 *(.rela.bss)

.rel.plt
 *(.rel.plt)

.rela.plt
 *(.rela.plt)

.text           0x00000000     0xad38
 *(.vectors)
 .vectors       0x00000000      0x1e8 c:/program files (x86)/atmel/avr studio 5.1/extensions/atmel/avrgcc/3.3.1.27/avrtoolchain/bin/../lib/gcc/avr/4.5.1/../../../../avr/lib/avrxmega6/crtx256a3b.o
                0x00000000                __vector_default
                0x00000000                __vectors
 *(.vectors)
 *(.progmem.gcc*)
 *(.progmem*)
                0x000001e8                . = ALIGN (0x2)
                0x000001e8                __trampolines_start = .
 *(.trampolines)
 .trampolines   0x000001e8        0x0 linker stubs
 *(.trampolines*)
                0x000001e8                __trampolines_end = .
 *(.jumptables)
 *(.jumptables*)
 *(.lowtext)
 *(.lowtext*)
                0x000001e8                __ctors_start = .
 *(.ctors)
                0x000001e8                __ctors_end = .
                0x000001e8                __dtors_start = .
 *(.dtors)
                0x000001e8                __dtors_end = .
 SORT(*)(.ctors)
 SORT(*)(.dtors)
 *(.init0)
 .init0         0x000001e8        0x0 c:/program files (x86)/atmel/avr studio 5.1/extensions/atmel/avrgcc/3.3.1.27/avrtoolchain/bin/../lib/gcc/avr/4.5.1/../../../../avr/lib/avrxmega6/crtx256a3b.o
                0x000001e8                __init
 *(.init0)
 *(.init1)
 *(.init1)
 *(.init2)
 .init2         0x000001e8       0x10 c:/program files (x86)/atmel/avr studio 5.1/extensions/atmel/avrgcc/3.3.1.27/avrtoolchain/bin/../lib/gcc/avr/4.5.1/../../../../avr/lib/avrxmega6/crtx256a3b.o
 *(.init2)
 *(.init3)
 *(.init3)
 *(.init4)
 .init4         0x000001f8       0x1a c:/program files (x86)/atmel/avr studio 5.1/extensions/atmel/avrgcc/3.3.1.27/avrtoolchain/bin/../lib/gcc/avr/4.5.1/avrxmega6\libgcc.a(_copy_data.o)
                0x000001f8                __do_copy_data
 .init4         0x00000212       0x10 c:/program files (x86)/atmel/avr studio 5.1/extensions/atmel/avrgcc/3.3.1.27/avrtoolchain/bin/../lib/gcc/avr/4.5.1/avrxmega6\libgcc.a(_clear_bss.o)
                0x00000212                __do_clear_bss
 *(.init4)
 *(.init5)
 *(.init5)
 *(.init6)
 *(.init6)
 *(.init7)
 *(.init7)
 *(.init8)
 *(.init8)
 *(.init9)
 .init9         0x00000222        0x8 c:/program files (x86)/atmel/avr studio 5.1/extensions/atmel/avrgcc/3.3.1.27/avrtoolchain/bin/../lib/gcc/avr/4.5.1/../../../../avr/lib/avrxmega6/crtx256a3b.o
 *(.init9)
 *(.text)
 .text          0x0000022a        0x4 c:/program files (x86)/atmel/avr studio 5.1/extensions/atmel/avrgcc/3.3.1.27/avrtoolchain/bin/../lib/gcc/avr/4.5.1/../../../../avr/lib/avrxmega6/crtx256a3b.o
                0x0000022a                __vector_38
                0x0000022a                __vector_104
                0x0000022a                __vector_22
                0x0000022a                __vector_63
                0x0000022a                __vector_28
                0x0000022a                __vector_67
                0x0000022a                __vector_1
                0x0000022a                __vector_119
                0x0000022a                __vector_32
                0x0000022a                __vector_75
                0x0000022a                __vector_71
                0x0000022a                __vector_91
                0x0000022a                __vector_34
                0x0000022a                __vector_62
                0x0000022a                __vector_77
                0x0000022a                __vector_102
                0x0000022a                __vector_24
                0x0000022a                __vector_12
                0x0000022a                __vector_55
                0x0000022a                __vector_69
                0x0000022a                __vector_81
                0x0000022a                __vector_90
                0x0000022a                __vector_46
                0x0000022a                __bad_interrupt
                0x0000022a                __vector_72
                0x0000022a                __vector_114
                0x0000022a                __vector_6
                0x0000022a                __vector_110
                0x0000022a                __vector_31
                0x0000022a                __vector_92
                0x0000022a                __vector_35
                0x0000022a                __vector_78
                0x0000022a                __vector_74
                0x0000022a                __vector_117
                0x0000022a                __vector_39
                0x0000022a                __vector_107
                0x0000022a                __vector_3
                0x0000022a                __vector_105
                0x0000022a                __vector_98
                0x0000022a                __vector_23
                0x0000022a                __vector_68
                0x0000022a                __vector_30
                0x0000022a                __vector_73
                0x0000022a                __vector_45
                0x0000022a                __vector_25
                0x0000022a                __vector_93
                0x0000022a                __vector_61
                0x0000022a                __vector_11
                0x0000022a                __vector_54
                0x0000022a                __vector_99
                0x0000022a                __vector_13
                0x0000022a                __vector_17
                0x0000022a                __vector_19
                0x0000022a                __vector_56
                0x0000022a                __vector_7
                0x0000022a                __vector_49
                0x0000022a                __vector_41
                0x0000022a                __vector_86
                0x0000022a                __vector_100
                0x0000022a                __vector_101
                0x0000022a                __vector_88
                0x0000022a                __vector_109
                0x0000022a                __vector_43
                0x0000022a                __vector_27
                0x0000022a                __vector_5
                0x0000022a                __vector_113
                0x0000022a                __vector_33
                0x0000022a                __vector_76
                0x0000022a                __vector_115
                0x0000022a                __vector_47
                0x0000022a                __vector_52
                0x0000022a                __vector_37
                0x0000022a                __vector_95
                0x0000022a                __vector_103
                0x0000022a                __vector_96
                0x0000022a                __vector_89
                0x0000022a                __vector_108
                0x0000022a                __vector_4
                0x0000022a                __vector_44
                0x0000022a                __vector_82
                0x0000022a                __vector_106
                0x0000022a                __vector_118
                0x0000022a                __vector_51
                0x0000022a                __vector_9
                0x0000022a                __vector_2
                0x0000022a                __vector_21
                0x0000022a                __vector_15
                0x0000022a                __vector_66
                0x0000022a                __vector_36
                0x0000022a                __vector_79
                0x0000022a                __vector_58
                0x0000022a                __vector_70
                0x0000022a                __vector_29
                0x0000022a                __vector_60
                0x0000022a                __vector_121
                0x0000022a                __vector_40
                0x0000022a                __vector_85
                0x0000022a                __vector_94
                0x0000022a                __vector_8
                0x0000022a                __vector_26
                0x0000022a                __vector_48
                0x0000022a                __vector_116
                0x0000022a                __vector_112
                0x0000022a                __vector_111
                0x0000022a                __vector_80
                0x0000022a                __vector_14
                0x0000022a                __vector_84
                0x0000022a                __vector_57
                0x0000022a                __vector_53
                0x0000022a                __vector_10
                0x0000022a                __vector_50
                0x0000022a                __vector_16
                0x0000022a                __vector_59
                0x0000022a                __vector_18
                0x0000022a                __vector_97
                0x0000022a                __vector_42
                0x0000022a                __vector_87
                0x0000022a                __vector_65
                0x0000022a                __vector_120
 .text          0x0000022e      0x746 adc_driver.o
                0x0000022e                ADC_CalibrationValues_Load
                0x00000296                ADC_ResultCh_GetWord_Unsigned
                0x000002e0                ADC_ResultCh_GetWord_Signed
                0x0000032c                ADC_ResultCh_GetWord
                0x0000035a                ADC_ResultCh_GetLowByte
                0x00000386                ADC_ResultCh_GetHighByte
                0x000003b2                ADC_Wait_8MHz
                0x0000059e                ADC_Wait_32MHz
                0x0000078c                ADC_Offset_Get_Unsigned
                0x00000856                ADC_Offset_Get_Signed
                0x00000928                SP_ReadCalibrationByte
 .text          0x00000974      0x23c clksys_driver.o
                0x00000974                CCPWrite
                0x000009ca                CLKSYS_XOSC_Config
                0x00000a02                CLKSYS_PLL_Config
                0x00000a30                CLKSYS_Disable
                0x00000a70                CLKSYS_Prescalers_Config
                0x00000a9c                CLKSYS_Main_ClockSource_Select
                0x00000ae0                CLKSYS_RTC_ClockSource_Enable
                0x00000b0e                CLKSYS_AutoCalibration_Enable
                0x00000b80                CLKSYS_XOSC_FailureDetection_Enable
                0x00000b98                CLKSYS_Configuration_Lock
 .text          0x00000bb0     0x7142 ff.o
                0x000010b2                clust2sect
                0x0000115e                get_fat
                0x000013e2                put_fat
                0x00003618                f_mount
                0x00003694                f_open
                0x000039bc                f_read
                0x00003fbe                f_write
                0x000046a6                f_sync
                0x00004860                f_close
                0x00004896                f_chdrive
                0x000048bc                f_chdir
                0x00004984                f_getcwd
                0x00004c8c                f_lseek
                0x0000583e                f_opendir
                0x00005962                f_readdir
                0x00005a18                f_stat
                0x00005a90                f_getfree
                0x00005d78                f_truncate
                0x00005f80                f_unlink
                0x00006154                f_mkdir
                0x00006470                f_chmod
                0x00006544                f_utime
                0x00006618                f_rename
                0x000068a6                f_mkfs
                0x000075a2                f_gets
                0x00007662                f_putc
                0x000076d0                f_puts
                0x0000773a                f_printf
 .text          0x00007cf2      0xeca AccelRecorderProgram.o
                0x00007cf2                sleep_mode
                0x00007e56                establish_date
                0x000080e6                get_file_name
                0x000081e4                get_list_name
                0x0000827c                get_test_number
                0x000082b0                KH
                0x000082de                KL
                0x00008308                main
                0x000087b6                __vector_20
                0x00008978                __vector_83
                0x00008b40                __vector_64
 .text          0x00008bbc      0xd9c mmc.o
                0x00008fae                disk_initialize
                0x00009184                disk_status
                0x000091a6                disk_read
                0x000092b6                disk_write
                0x00009402                disk_ioctl
                0x000098e0                disk_timerproc
                0x0000993e                get_fattime
 .text          0x00009958      0x36c rtc32_driver.o
                0x00009958                RTC32_Initialize
                0x00009a2e                RTC32_SetOverflowIntLevel
                0x00009a5a                RTC32_SetCompareIntLevel
                0x00009a86                RTC32_SetIntLevels
                0x00009abc                RTC32_SetAlarm
                0x00009b9e                RTC32_SetCount
                0x00009bfc                RTC32_GetCount
                0x00009c42                RTC32_SetPeriod
 .text          0x00009cc4      0x30a vbat.o
                0x00009cc4                vbat_reset
                0x00009d0a                vbat_enable_xosc
                0x00009f3c                vbat_system_check
 .text          0x00009fce      0x21c xitoa.o
                0x00009fce                xputc
                0x00009ff0                xputs
                0x00009ffe                xitoa
                0x0000a122                xprintf
                0x0000a134                xatoi
 .text          0x0000a1ea        0x0 c:/program files (x86)/atmel/avr studio 5.1/extensions/atmel/avrgcc/3.3.1.27/avrtoolchain/bin/../lib/gcc/avr/4.5.1/../../../../avr/lib/avrxmega6\libm.a(addsf3.o)
 .text          0x0000a1ea        0x0 c:/program files (x86)/atmel/avr studio 5.1/extensions/atmel/avrgcc/3.3.1.27/avrtoolchain/bin/../lib/gcc/avr/4.5.1/../../../../avr/lib/avrxmega6\libm.a(addsf3x.o)
 .text          0x0000a1ea        0x0 c:/program files (x86)/atmel/avr studio 5.1/extensions/atmel/avrgcc/3.3.1.27/avrtoolchain/bin/../lib/gcc/avr/4.5.1/../../../../avr/lib/avrxmega6\libm.a(cmpsf2.o)
 .text          0x0000a1ea        0x0 c:/program files (x86)/atmel/avr studio 5.1/extensions/atmel/avrgcc/3.3.1.27/avrtoolchain/bin/../lib/gcc/avr/4.5.1/../../../../avr/lib/avrxmega6\libm.a(divsf3.o)
 .text          0x0000a1ea        0x0 c:/program files (x86)/atmel/avr studio 5.1/extensions/atmel/avrgcc/3.3.1.27/avrtoolchain/bin/../lib/gcc/avr/4.5.1/../../../../avr/lib/avrxmega6\libm.a(divsf3x.o)
 .text          0x0000a1ea        0x0 c:/program files (x86)/atmel/avr studio 5.1/extensions/atmel/avrgcc/3.3.1.27/avrtoolchain/bin/../lib/gcc/avr/4.5.1/../../../../avr/lib/avrxmega6\libm.a(fixunssfsi.o)
 .text          0x0000a1ea        0x0 c:/program files (x86)/atmel/avr studio 5.1/extensions/atmel/avrgcc/3.3.1.27/avrtoolchain/bin/../lib/gcc/avr/4.5.1/../../../../avr/lib/avrxmega6\libm.a(floatsisf.o)
 .text          0x0000a1ea        0x0 c:/program files (x86)/atmel/avr studio 5.1/extensions/atmel/avrgcc/3.3.1.27/avrtoolchain/bin/../lib/gcc/avr/4.5.1/../../../../avr/lib/avrxmega6\libm.a(floor.o)
 .text          0x0000a1ea        0x0 c:/program files (x86)/atmel/avr studio 5.1/extensions/atmel/avrgcc/3.3.1.27/avrtoolchain/bin/../lib/gcc/avr/4.5.1/../../../../avr/lib/avrxmega6\libm.a(fp_cmp.o)
 .text          0x0000a1ea        0x0 c:/program files (x86)/atmel/avr studio 5.1/extensions/atmel/avrgcc/3.3.1.27/avrtoolchain/bin/../lib/gcc/avr/4.5.1/../../../../avr/lib/avrxmega6\libm.a(fp_inf.o)
 .text          0x0000a1ea        0x0 c:/program files (x86)/atmel/avr studio 5.1/extensions/atmel/avrgcc/3.3.1.27/avrtoolchain/bin/../lib/gcc/avr/4.5.1/../../../../avr/lib/avrxmega6\libm.a(fp_mintl.o)
 .text          0x0000a1ea        0x0 c:/program files (x86)/atmel/avr studio 5.1/extensions/atmel/avrgcc/3.3.1.27/avrtoolchain/bin/../lib/gcc/avr/4.5.1/../../../../avr/lib/avrxmega6\libm.a(fp_mpack.o)
 .text          0x0000a1ea        0x0 c:/program files (x86)/atmel/avr studio 5.1/extensions/atmel/avrgcc/3.3.1.27/avrtoolchain/bin/../lib/gcc/avr/4.5.1/../../../../avr/lib/avrxmega6\libm.a(fp_nan.o)
 .text          0x0000a1ea        0x0 c:/program files (x86)/atmel/avr studio 5.1/extensions/atmel/avrgcc/3.3.1.27/avrtoolchain/bin/../lib/gcc/avr/4.5.1/../../../../avr/lib/avrxmega6\libm.a(fp_pscA.o)
 .text          0x0000a1ea        0x0 c:/program files (x86)/atmel/avr studio 5.1/extensions/atmel/avrgcc/3.3.1.27/avrtoolchain/bin/../lib/gcc/avr/4.5.1/../../../../avr/lib/avrxmega6\libm.a(fp_pscB.o)
 .text          0x0000a1ea        0x0 c:/program files (x86)/atmel/avr studio 5.1/extensions/atmel/avrgcc/3.3.1.27/avrtoolchain/bin/../lib/gcc/avr/4.5.1/../../../../avr/lib/avrxmega6\libm.a(fp_round.o)
 .text          0x0000a1ea        0x0 c:/program files (x86)/atmel/avr studio 5.1/extensions/atmel/avrgcc/3.3.1.27/avrtoolchain/bin/../lib/gcc/avr/4.5.1/../../../../avr/lib/avrxmega6\libm.a(fp_split3.o)
 .text          0x0000a1ea        0x0 c:/program files (x86)/atmel/avr studio 5.1/extensions/atmel/avrgcc/3.3.1.27/avrtoolchain/bin/../lib/gcc/avr/4.5.1/../../../../avr/lib/avrxmega6\libm.a(fp_trunc.o)
 .text          0x0000a1ea        0x0 c:/program files (x86)/atmel/avr studio 5.1/extensions/atmel/avrgcc/3.3.1.27/avrtoolchain/bin/../lib/gcc/avr/4.5.1/../../../../avr/lib/avrxmega6\libm.a(fp_zero.o)
 .text          0x0000a1ea        0x0 c:/program files (x86)/atmel/avr studio 5.1/extensions/atmel/avrgcc/3.3.1.27/avrtoolchain/bin/../lib/gcc/avr/4.5.1/../../../../avr/lib/avrxmega6\libm.a(gesf2.o)
 .text          0x0000a1ea        0x0 c:/program files (x86)/atmel/avr studio 5.1/extensions/atmel/avrgcc/3.3.1.27/avrtoolchain/bin/../lib/gcc/avr/4.5.1/../../../../avr/lib/avrxmega6\libm.a(mulsf3.o)
 .text          0x0000a1ea        0x0 c:/program files (x86)/atmel/avr studio 5.1/extensions/atmel/avrgcc/3.3.1.27/avrtoolchain/bin/../lib/gcc/avr/4.5.1/../../../../avr/lib/avrxmega6\libm.a(mulsf3x.o)
 .text          0x0000a1ea        0x0 c:/program files (x86)/atmel/avr studio 5.1/extensions/atmel/avrgcc/3.3.1.27/avrtoolchain/bin/../lib/gcc/avr/4.5.1/avrxmega6\libgcc.a(_mulsi3.o)
 .text          0x0000a1ea        0x0 c:/program files (x86)/atmel/avr studio 5.1/extensions/atmel/avrgcc/3.3.1.27/avrtoolchain/bin/../lib/gcc/avr/4.5.1/avrxmega6\libgcc.a(_divmodhi4.o)
 .text          0x0000a1ea        0x0 c:/program files (x86)/atmel/avr studio 5.1/extensions/atmel/avrgcc/3.3.1.27/avrtoolchain/bin/../lib/gcc/avr/4.5.1/avrxmega6\libgcc.a(_udivmodsi4.o)
 .text          0x0000a1ea        0x0 c:/program files (x86)/atmel/avr studio 5.1/extensions/atmel/avrgcc/3.3.1.27/avrtoolchain/bin/../lib/gcc/avr/4.5.1/avrxmega6\libgcc.a(_exit.o)
 .text          0x0000a1ea        0x0 c:/program files (x86)/atmel/avr studio 5.1/extensions/atmel/avrgcc/3.3.1.27/avrtoolchain/bin/../lib/gcc/avr/4.5.1/avrxmega6\libgcc.a(_copy_data.o)
 .text          0x0000a1ea        0x0 c:/program files (x86)/atmel/avr studio 5.1/extensions/atmel/avrgcc/3.3.1.27/avrtoolchain/bin/../lib/gcc/avr/4.5.1/avrxmega6\libgcc.a(_clear_bss.o)
 .text          0x0000a1ea        0x0 c:/program files (x86)/atmel/avr studio 5.1/extensions/atmel/avrgcc/3.3.1.27/avrtoolchain/bin/../lib/gcc/avr/4.5.1/avrxmega6\libgcc.a(_udivmodhi4.o)
 .text          0x0000a1ea        0x0 c:/program files (x86)/atmel/avr studio 5.1/extensions/atmel/avrgcc/3.3.1.27/avrtoolchain/bin/../lib/gcc/avr/4.5.1/../../../../avr/lib/avrxmega6\libc.a(sprintf.o)
 .text          0x0000a1ea        0x0 c:/program files (x86)/atmel/avr studio 5.1/extensions/atmel/avrgcc/3.3.1.27/avrtoolchain/bin/../lib/gcc/avr/4.5.1/../../../../avr/lib/avrxmega6\libc.a(vfprintf_std.o)
 .text          0x0000a1ea        0x0 c:/program files (x86)/atmel/avr studio 5.1/extensions/atmel/avrgcc/3.3.1.27/avrtoolchain/bin/../lib/gcc/avr/4.5.1/../../../../avr/lib/avrxmega6\libc.a(strnlen_P.o)
 .text          0x0000a1ea        0x0 c:/program files (x86)/atmel/avr studio 5.1/extensions/atmel/avrgcc/3.3.1.27/avrtoolchain/bin/../lib/gcc/avr/4.5.1/../../../../avr/lib/avrxmega6\libc.a(strnlen.o)
 .text          0x0000a1ea        0x0 c:/program files (x86)/atmel/avr studio 5.1/extensions/atmel/avrgcc/3.3.1.27/avrtoolchain/bin/../lib/gcc/avr/4.5.1/../../../../avr/lib/avrxmega6\libc.a(fputc.o)
 .text          0x0000a1ea        0x0 c:/program files (x86)/atmel/avr studio 5.1/extensions/atmel/avrgcc/3.3.1.27/avrtoolchain/bin/../lib/gcc/avr/4.5.1/../../../../avr/lib/avrxmega6\libc.a(ultoa_invert.o)
                0x0000a1ea                . = ALIGN (0x2)
 *(.text.*)
 .text.avr-libc.fplib
                0x0000a1ea        0xa c:/program files (x86)/atmel/avr studio 5.1/extensions/atmel/avrgcc/3.3.1.27/avrtoolchain/bin/../lib/gcc/avr/4.5.1/../../../../avr/lib/avrxmega6\libm.a(addsf3.o)
                0x0000a1ea                __subsf3
                0x0000a1ec                __addsf3
 .text.avr-libc.fplib
                0x0000a1f4       0xc0 c:/program files (x86)/atmel/avr studio 5.1/extensions/atmel/avrgcc/3.3.1.27/avrtoolchain/bin/../lib/gcc/avr/4.5.1/../../../../avr/lib/avrxmega6\libm.a(addsf3x.o)
                0x0000a20e                __addsf3x
 .text.avr-libc.fplib
                0x0000a2b4        0x8 c:/program files (x86)/atmel/avr studio 5.1/extensions/atmel/avrgcc/3.3.1.27/avrtoolchain/bin/../lib/gcc/avr/4.5.1/../../../../avr/lib/avrxmega6\libm.a(cmpsf2.o)
                0x0000a2b4                __nesf2
                0x0000a2b4                __eqsf2
                0x0000a2b4                __cmpsf2
                0x0000a2b4                __ltsf2
                0x0000a2b4                __lesf2
 .text.avr-libc.fplib
                0x0000a2bc        0x4 c:/program files (x86)/atmel/avr studio 5.1/extensions/atmel/avrgcc/3.3.1.27/avrtoolchain/bin/../lib/gcc/avr/4.5.1/../../../../avr/lib/avrxmega6\libm.a(divsf3.o)
                0x0000a2bc                __divsf3
 .text.avr-libc.fplib
                0x0000a2c0       0xcc c:/program files (x86)/atmel/avr studio 5.1/extensions/atmel/avrgcc/3.3.1.27/avrtoolchain/bin/../lib/gcc/avr/4.5.1/../../../../avr/lib/avrxmega6\libm.a(divsf3x.o)
                0x0000a2d6                __divsf3x
                0x0000a2da                __divsf3_pse
 .text.avr-libc.fplib
                0x0000a38c       0x58 c:/program files (x86)/atmel/avr studio 5.1/extensions/atmel/avrgcc/3.3.1.27/avrtoolchain/bin/../lib/gcc/avr/4.5.1/../../../../avr/lib/avrxmega6\libm.a(fixunssfsi.o)
                0x0000a38c                __fixunssfsi
 .text.avr-libc.fplib
                0x0000a3e4       0x7a c:/program files (x86)/atmel/avr studio 5.1/extensions/atmel/avrgcc/3.3.1.27/avrtoolchain/bin/../lib/gcc/avr/4.5.1/../../../../avr/lib/avrxmega6\libm.a(floatsisf.o)
                0x0000a3e4                __floatunsisf
                0x0000a3e8                __floatsisf
 .text.avr-libc.fplib
                0x0000a45e       0x26 c:/program files (x86)/atmel/avr studio 5.1/extensions/atmel/avrgcc/3.3.1.27/avrtoolchain/bin/../lib/gcc/avr/4.5.1/../../../../avr/lib/avrxmega6\libm.a(floor.o)
                0x0000a45e                floor
 .text.avr-libc.fplib
                0x0000a484       0x48 c:/program files (x86)/atmel/avr studio 5.1/extensions/atmel/avrgcc/3.3.1.27/avrtoolchain/bin/../lib/gcc/avr/4.5.1/../../../../avr/lib/avrxmega6\libm.a(fp_cmp.o)
                0x0000a484                __fp_cmp
 .text.avr-libc.fplib
                0x0000a4cc        0xc c:/program files (x86)/atmel/avr studio 5.1/extensions/atmel/avrgcc/3.3.1.27/avrtoolchain/bin/../lib/gcc/avr/4.5.1/../../../../avr/lib/avrxmega6\libm.a(fp_inf.o)
                0x0000a4cc                __fp_inf
 .text.avr-libc.fplib
                0x0000a4d8       0x36 c:/program files (x86)/atmel/avr studio 5.1/extensions/atmel/avrgcc/3.3.1.27/avrtoolchain/bin/../lib/gcc/avr/4.5.1/../../../../avr/lib/avrxmega6\libm.a(fp_mintl.o)
                0x0000a4d8                __fp_mintl
 .text.avr-libc.fplib
                0x0000a50e       0x1c c:/program files (x86)/atmel/avr studio 5.1/extensions/atmel/avrgcc/3.3.1.27/avrtoolchain/bin/../lib/gcc/avr/4.5.1/../../../../avr/lib/avrxmega6\libm.a(fp_mpack.o)
                0x0000a50e                __fp_mpack
                0x0000a512                __fp_mpack_finite
 .text.avr-libc.fplib
                0x0000a52a        0x6 c:/program files (x86)/atmel/avr studio 5.1/extensions/atmel/avrgcc/3.3.1.27/avrtoolchain/bin/../lib/gcc/avr/4.5.1/../../../../avr/lib/avrxmega6\libm.a(fp_nan.o)
                0x0000a52a                __fp_nan
 .text.avr-libc.fplib
                0x0000a530        0xe c:/program files (x86)/atmel/avr studio 5.1/extensions/atmel/avrgcc/3.3.1.27/avrtoolchain/bin/../lib/gcc/avr/4.5.1/../../../../avr/lib/avrxmega6\libm.a(fp_pscA.o)
                0x0000a530                __fp_pscA
 .text.avr-libc.fplib
                0x0000a53e        0xe c:/program files (x86)/atmel/avr studio 5.1/extensions/atmel/avrgcc/3.3.1.27/avrtoolchain/bin/../lib/gcc/avr/4.5.1/../../../../avr/lib/avrxmega6\libm.a(fp_pscB.o)
                0x0000a53e                __fp_pscB
 .text.avr-libc.fplib
                0x0000a54c       0x22 c:/program files (x86)/atmel/avr studio 5.1/extensions/atmel/avrgcc/3.3.1.27/avrtoolchain/bin/../lib/gcc/avr/4.5.1/../../../../avr/lib/avrxmega6\libm.a(fp_round.o)
                0x0000a54c                __fp_round
 .text.avr-libc.fplib
                0x0000a56e       0x44 c:/program files (x86)/atmel/avr studio 5.1/extensions/atmel/avrgcc/3.3.1.27/avrtoolchain/bin/../lib/gcc/avr/4.5.1/../../../../avr/lib/avrxmega6\libm.a(fp_split3.o)
                0x0000a56e                __fp_split3
                0x0000a57e                __fp_splitA
 .text.avr-libc.fplib
                0x0000a5b2       0x2e c:/program files (x86)/atmel/avr studio 5.1/extensions/atmel/avrgcc/3.3.1.27/avrtoolchain/bin/../lib/gcc/avr/4.5.1/../../../../avr/lib/avrxmega6\libm.a(fp_trunc.o)
                0x0000a5b2                __fp_trunc
 .text.avr-libc.fplib
                0x0000a5e0        0xe c:/program files (x86)/atmel/avr studio 5.1/extensions/atmel/avrgcc/3.3.1.27/avrtoolchain/bin/../lib/gcc/avr/4.5.1/../../../../avr/lib/avrxmega6\libm.a(fp_zero.o)
                0x0000a5e0                __fp_zero
                0x0000a5e2                __fp_szero
 .text.avr-libc.fplib
                0x0000a5ee        0x8 c:/program files (x86)/atmel/avr studio 5.1/extensions/atmel/avrgcc/3.3.1.27/avrtoolchain/bin/../lib/gcc/avr/4.5.1/../../../../avr/lib/avrxmega6\libm.a(gesf2.o)
                0x0000a5ee                __gesf2
                0x0000a5ee                __gtsf2
 .text.avr-libc.fplib
                0x0000a5f6        0x4 c:/program files (x86)/atmel/avr studio 5.1/extensions/atmel/avrgcc/3.3.1.27/avrtoolchain/bin/../lib/gcc/avr/4.5.1/../../../../avr/lib/avrxmega6\libm.a(mulsf3.o)
                0x0000a5f6                __mulsf3
 .text.avr-libc.fplib
                0x0000a5fa       0xc2 c:/program files (x86)/atmel/avr studio 5.1/extensions/atmel/avrgcc/3.3.1.27/avrtoolchain/bin/../lib/gcc/avr/4.5.1/../../../../avr/lib/avrxmega6\libm.a(mulsf3x.o)
                0x0000a60e                __mulsf3x
                0x0000a612                __mulsf3_pse
 .text.libgcc   0x0000a6bc       0x3e c:/program files (x86)/atmel/avr studio 5.1/extensions/atmel/avrgcc/3.3.1.27/avrtoolchain/bin/../lib/gcc/avr/4.5.1/avrxmega6\libgcc.a(_mulsi3.o)
                0x0000a6bc                __mulsi3
 .text.libgcc   0x0000a6fa       0x26 c:/program files (x86)/atmel/avr studio 5.1/extensions/atmel/avrgcc/3.3.1.27/avrtoolchain/bin/../lib/gcc/avr/4.5.1/avrxmega6\libgcc.a(_divmodhi4.o)
                0x0000a6fa                _div
                0x0000a6fa                __divmodhi4
 .text.libgcc   0x0000a720       0x44 c:/program files (x86)/atmel/avr studio 5.1/extensions/atmel/avrgcc/3.3.1.27/avrtoolchain/bin/../lib/gcc/avr/4.5.1/avrxmega6\libgcc.a(_udivmodsi4.o)
                0x0000a720                __udivmodsi4
 .text.libgcc   0x0000a764        0x0 c:/program files (x86)/atmel/avr studio 5.1/extensions/atmel/avrgcc/3.3.1.27/avrtoolchain/bin/../lib/gcc/avr/4.5.1/avrxmega6\libgcc.a(_exit.o)
 .text.libgcc   0x0000a764        0x0 c:/program files (x86)/atmel/avr studio 5.1/extensions/atmel/avrgcc/3.3.1.27/avrtoolchain/bin/../lib/gcc/avr/4.5.1/avrxmega6\libgcc.a(_copy_data.o)
 .text.libgcc   0x0000a764        0x0 c:/program files (x86)/atmel/avr studio 5.1/extensions/atmel/avrgcc/3.3.1.27/avrtoolchain/bin/../lib/gcc/avr/4.5.1/avrxmega6\libgcc.a(_clear_bss.o)
 .text.libgcc   0x0000a764       0x28 c:/program files (x86)/atmel/avr studio 5.1/extensions/atmel/avrgcc/3.3.1.27/avrtoolchain/bin/../lib/gcc/avr/4.5.1/avrxmega6\libgcc.a(_udivmodhi4.o)
                0x0000a764                __udivmodhi4
 .text.avr-libc
                0x0000a78c       0x54 c:/program files (x86)/atmel/avr studio 5.1/extensions/atmel/avrgcc/3.3.1.27/avrtoolchain/bin/../lib/gcc/avr/4.5.1/../../../../avr/lib/avrxmega6\libc.a(sprintf.o)
                0x0000a78c                sprintf
 .text.avr-libc
                0x0000a7e0      0x414 c:/program files (x86)/atmel/avr studio 5.1/extensions/atmel/avrgcc/3.3.1.27/avrtoolchain/bin/../lib/gcc/avr/4.5.1/../../../../avr/lib/avrxmega6\libc.a(vfprintf_std.o)
                0x0000a7e0                vfprintf
 .text.avr-libc
                0x0000abf4       0x16 c:/program files (x86)/atmel/avr studio 5.1/extensions/atmel/avrgcc/3.3.1.27/avrtoolchain/bin/../lib/gcc/avr/4.5.1/../../../../avr/lib/avrxmega6\libc.a(strnlen_P.o)
                0x0000abf4                strnlen_P
 .text.avr-libc
                0x0000ac0a       0x16 c:/program files (x86)/atmel/avr studio 5.1/extensions/atmel/avrgcc/3.3.1.27/avrtoolchain/bin/../lib/gcc/avr/4.5.1/../../../../avr/lib/avrxmega6\libc.a(strnlen.o)
                0x0000ac0a                strnlen
 .text.avr-libc
                0x0000ac20       0x58 c:/program files (x86)/atmel/avr studio 5.1/extensions/atmel/avrgcc/3.3.1.27/avrtoolchain/bin/../lib/gcc/avr/4.5.1/../../../../avr/lib/avrxmega6\libc.a(fputc.o)
                0x0000ac20                fputc
 .text.avr-libc
                0x0000ac78       0xbc c:/program files (x86)/atmel/avr studio 5.1/extensions/atmel/avrgcc/3.3.1.27/avrtoolchain/bin/../lib/gcc/avr/4.5.1/../../../../avr/lib/avrxmega6\libc.a(ultoa_invert.o)
                0x0000ac78                __ultoa_invert
                0x0000ad34                . = ALIGN (0x2)
 *(.fini9)
 .fini9         0x0000ad34        0x0 c:/program files (x86)/atmel/avr studio 5.1/extensions/atmel/avrgcc/3.3.1.27/avrtoolchain/bin/../lib/gcc/avr/4.5.1/avrxmega6\libgcc.a(_exit.o)
                0x0000ad34                _exit
                0x0000ad34                exit
 *(.fini9)
 *(.fini8)
 *(.fini8)
 *(.fini7)
 *(.fini7)
 *(.fini6)
 *(.fini6)
 *(.fini5)
 *(.fini5)
 *(.fini4)
 *(.fini4)
 *(.fini3)
 *(.fini3)
 *(.fini2)
 *(.fini2)
 *(.fini1)
 *(.fini1)
 *(.fini0)
 .fini0         0x0000ad34        0x4 c:/program files (x86)/atmel/avr studio 5.1/extensions/atmel/avrgcc/3.3.1.27/avrtoolchain/bin/../lib/gcc/avr/4.5.1/avrxmega6\libgcc.a(_exit.o)
 *(.fini0)
                0x0000ad38                _etext = .

.data           0x00802000      0x172 load address 0x0000ad38
                0x00802000                PROVIDE (__data_start, .)
 *(.data)
 .data          0x00802000        0x0 c:/program files (x86)/atmel/avr studio 5.1/extensions/atmel/avrgcc/3.3.1.27/avrtoolchain/bin/../lib/gcc/avr/4.5.1/../../../../avr/lib/avrxmega6/crtx256a3b.o
 .data          0x00802000        0x0 adc_driver.o
 .data          0x00802000        0x0 clksys_driver.o
 .data          0x00802000       0x6f ff.o
 .data          0x0080206f      0x101 AccelRecorderProgram.o
                0x0080206f                file_num
                0x00802070                seconds_before_flashing
                0x00802071                results_file
                0x00802080                list_file
                0x0080208f                rok_kalib
                0x00802090                reszta_kalib
                0x00802094                kalendarz
                0x008020c4                channels
                0x008020cc                xyz_channel_numbers
                0x008020cf                str
 .data          0x00802170        0x1 mmc.o
 .data          0x00802171        0x0 rtc32_driver.o
 .data          0x00802171        0x0 vbat.o
 .data          0x00802171        0x0 xitoa.o
 .data          0x00802171        0x0 c:/program files (x86)/atmel/avr studio 5.1/extensions/atmel/avrgcc/3.3.1.27/avrtoolchain/bin/../lib/gcc/avr/4.5.1/../../../../avr/lib/avrxmega6\libm.a(addsf3.o)
 .data          0x00802171        0x0 c:/program files (x86)/atmel/avr studio 5.1/extensions/atmel/avrgcc/3.3.1.27/avrtoolchain/bin/../lib/gcc/avr/4.5.1/../../../../avr/lib/avrxmega6\libm.a(addsf3x.o)
 .data          0x00802171        0x0 c:/program files (x86)/atmel/avr studio 5.1/extensions/atmel/avrgcc/3.3.1.27/avrtoolchain/bin/../lib/gcc/avr/4.5.1/../../../../avr/lib/avrxmega6\libm.a(cmpsf2.o)
 .data          0x00802171        0x0 c:/program files (x86)/atmel/avr studio 5.1/extensions/atmel/avrgcc/3.3.1.27/avrtoolchain/bin/../lib/gcc/avr/4.5.1/../../../../avr/lib/avrxmega6\libm.a(divsf3.o)
 .data          0x00802171        0x0 c:/program files (x86)/atmel/avr studio 5.1/extensions/atmel/avrgcc/3.3.1.27/avrtoolchain/bin/../lib/gcc/avr/4.5.1/../../../../avr/lib/avrxmega6\libm.a(divsf3x.o)
 .data          0x00802171        0x0 c:/program files (x86)/atmel/avr studio 5.1/extensions/atmel/avrgcc/3.3.1.27/avrtoolchain/bin/../lib/gcc/avr/4.5.1/../../../../avr/lib/avrxmega6\libm.a(fixunssfsi.o)
 .data          0x00802171        0x0 c:/program files (x86)/atmel/avr studio 5.1/extensions/atmel/avrgcc/3.3.1.27/avrtoolchain/bin/../lib/gcc/avr/4.5.1/../../../../avr/lib/avrxmega6\libm.a(floatsisf.o)
 .data          0x00802171        0x0 c:/program files (x86)/atmel/avr studio 5.1/extensions/atmel/avrgcc/3.3.1.27/avrtoolchain/bin/../lib/gcc/avr/4.5.1/../../../../avr/lib/avrxmega6\libm.a(floor.o)
 .data          0x00802171        0x0 c:/program files (x86)/atmel/avr studio 5.1/extensions/atmel/avrgcc/3.3.1.27/avrtoolchain/bin/../lib/gcc/avr/4.5.1/../../../../avr/lib/avrxmega6\libm.a(fp_cmp.o)
 .data          0x00802171        0x0 c:/program files (x86)/atmel/avr studio 5.1/extensions/atmel/avrgcc/3.3.1.27/avrtoolchain/bin/../lib/gcc/avr/4.5.1/../../../../avr/lib/avrxmega6\libm.a(fp_inf.o)
 .data          0x00802171        0x0 c:/program files (x86)/atmel/avr studio 5.1/extensions/atmel/avrgcc/3.3.1.27/avrtoolchain/bin/../lib/gcc/avr/4.5.1/../../../../avr/lib/avrxmega6\libm.a(fp_mintl.o)
 .data          0x00802171        0x0 c:/program files (x86)/atmel/avr studio 5.1/extensions/atmel/avrgcc/3.3.1.27/avrtoolchain/bin/../lib/gcc/avr/4.5.1/../../../../avr/lib/avrxmega6\libm.a(fp_mpack.o)
 .data          0x00802171        0x0 c:/program files (x86)/atmel/avr studio 5.1/extensions/atmel/avrgcc/3.3.1.27/avrtoolchain/bin/../lib/gcc/avr/4.5.1/../../../../avr/lib/avrxmega6\libm.a(fp_nan.o)
 .data          0x00802171        0x0 c:/program files (x86)/atmel/avr studio 5.1/extensions/atmel/avrgcc/3.3.1.27/avrtoolchain/bin/../lib/gcc/avr/4.5.1/../../../../avr/lib/avrxmega6\libm.a(fp_pscA.o)
 .data          0x00802171        0x0 c:/program files (x86)/atmel/avr studio 5.1/extensions/atmel/avrgcc/3.3.1.27/avrtoolchain/bin/../lib/gcc/avr/4.5.1/../../../../avr/lib/avrxmega6\libm.a(fp_pscB.o)
 .data          0x00802171        0x0 c:/program files (x86)/atmel/avr studio 5.1/extensions/atmel/avrgcc/3.3.1.27/avrtoolchain/bin/../lib/gcc/avr/4.5.1/../../../../avr/lib/avrxmega6\libm.a(fp_round.o)
 .data          0x00802171        0x0 c:/program files (x86)/atmel/avr studio 5.1/extensions/atmel/avrgcc/3.3.1.27/avrtoolchain/bin/../lib/gcc/avr/4.5.1/../../../../avr/lib/avrxmega6\libm.a(fp_split3.o)
 .data          0x00802171        0x0 c:/program files (x86)/atmel/avr studio 5.1/extensions/atmel/avrgcc/3.3.1.27/avrtoolchain/bin/../lib/gcc/avr/4.5.1/../../../../avr/lib/avrxmega6\libm.a(fp_trunc.o)
 .data          0x00802171        0x0 c:/program files (x86)/atmel/avr studio 5.1/extensions/atmel/avrgcc/3.3.1.27/avrtoolchain/bin/../lib/gcc/avr/4.5.1/../../../../avr/lib/avrxmega6\libm.a(fp_zero.o)
 .data          0x00802171        0x0 c:/program files (x86)/atmel/avr studio 5.1/extensions/atmel/avrgcc/3.3.1.27/avrtoolchain/bin/../lib/gcc/avr/4.5.1/../../../../avr/lib/avrxmega6\libm.a(gesf2.o)
 .data          0x00802171        0x0 c:/program files (x86)/atmel/avr studio 5.1/extensions/atmel/avrgcc/3.3.1.27/avrtoolchain/bin/../lib/gcc/avr/4.5.1/../../../../avr/lib/avrxmega6\libm.a(mulsf3.o)
 .data          0x00802171        0x0 c:/program files (x86)/atmel/avr studio 5.1/extensions/atmel/avrgcc/3.3.1.27/avrtoolchain/bin/../lib/gcc/avr/4.5.1/../../../../avr/lib/avrxmega6\libm.a(mulsf3x.o)
 .data          0x00802171        0x0 c:/program files (x86)/atmel/avr studio 5.1/extensions/atmel/avrgcc/3.3.1.27/avrtoolchain/bin/../lib/gcc/avr/4.5.1/avrxmega6\libgcc.a(_mulsi3.o)
 .data          0x00802171        0x0 c:/program files (x86)/atmel/avr studio 5.1/extensions/atmel/avrgcc/3.3.1.27/avrtoolchain/bin/../lib/gcc/avr/4.5.1/avrxmega6\libgcc.a(_divmodhi4.o)
 .data          0x00802171        0x0 c:/program files (x86)/atmel/avr studio 5.1/extensions/atmel/avrgcc/3.3.1.27/avrtoolchain/bin/../lib/gcc/avr/4.5.1/avrxmega6\libgcc.a(_udivmodsi4.o)
 .data          0x00802171        0x0 c:/program files (x86)/atmel/avr studio 5.1/extensions/atmel/avrgcc/3.3.1.27/avrtoolchain/bin/../lib/gcc/avr/4.5.1/avrxmega6\libgcc.a(_exit.o)
 .data          0x00802171        0x0 c:/program files (x86)/atmel/avr studio 5.1/extensions/atmel/avrgcc/3.3.1.27/avrtoolchain/bin/../lib/gcc/avr/4.5.1/avrxmega6\libgcc.a(_copy_data.o)
 .data          0x00802171        0x0 c:/program files (x86)/atmel/avr studio 5.1/extensions/atmel/avrgcc/3.3.1.27/avrtoolchain/bin/../lib/gcc/avr/4.5.1/avrxmega6\libgcc.a(_clear_bss.o)
 .data          0x00802171        0x0 c:/program files (x86)/atmel/avr studio 5.1/extensions/atmel/avrgcc/3.3.1.27/avrtoolchain/bin/../lib/gcc/avr/4.5.1/avrxmega6\libgcc.a(_udivmodhi4.o)
 .data          0x00802171        0x0 c:/program files (x86)/atmel/avr studio 5.1/extensions/atmel/avrgcc/3.3.1.27/avrtoolchain/bin/../lib/gcc/avr/4.5.1/../../../../avr/lib/avrxmega6\libc.a(sprintf.o)
 .data          0x00802171        0x0 c:/program files (x86)/atmel/avr studio 5.1/extensions/atmel/avrgcc/3.3.1.27/avrtoolchain/bin/../lib/gcc/avr/4.5.1/../../../../avr/lib/avrxmega6\libc.a(vfprintf_std.o)
 .data          0x00802171        0x0 c:/program files (x86)/atmel/avr studio 5.1/extensions/atmel/avrgcc/3.3.1.27/avrtoolchain/bin/../lib/gcc/avr/4.5.1/../../../../avr/lib/avrxmega6\libc.a(strnlen_P.o)
 .data          0x00802171        0x0 c:/program files (x86)/atmel/avr studio 5.1/extensions/atmel/avrgcc/3.3.1.27/avrtoolchain/bin/../lib/gcc/avr/4.5.1/../../../../avr/lib/avrxmega6\libc.a(strnlen.o)
 .data          0x00802171        0x0 c:/program files (x86)/atmel/avr studio 5.1/extensions/atmel/avrgcc/3.3.1.27/avrtoolchain/bin/../lib/gcc/avr/4.5.1/../../../../avr/lib/avrxmega6\libc.a(fputc.o)
 .data          0x00802171        0x0 c:/program files (x86)/atmel/avr studio 5.1/extensions/atmel/avrgcc/3.3.1.27/avrtoolchain/bin/../lib/gcc/avr/4.5.1/../../../../avr/lib/avrxmega6\libc.a(ultoa_invert.o)
 *(.data*)
 *(.rodata)
 *(.rodata*)
 *(.gnu.linkonce.d*)
                0x00802172                . = ALIGN (0x2)
 *fill*         0x00802171        0x1 00
                0x00802172                _edata = .
                0x00802172                PROVIDE (__data_end, .)

.bss            0x00802172      0x937
                0x00802172                PROVIDE (__bss_start, .)
 *(.bss)
 .bss           0x00802172        0x0 c:/program files (x86)/atmel/avr studio 5.1/extensions/atmel/avrgcc/3.3.1.27/avrtoolchain/bin/../lib/gcc/avr/4.5.1/../../../../avr/lib/avrxmega6/crtx256a3b.o
 .bss           0x00802172        0x0 adc_driver.o
 .bss           0x00802172        0x0 clksys_driver.o
 .bss           0x00802172        0x7 ff.o
 .bss           0x00802179        0xb AccelRecorderProgram.o
                0x00802179                recording
                0x0080217a                measuring
                0x0080217b                time
                0x0080217c                state
                0x0080217d                time_counter
                0x0080217e                nr_pacjenta
                0x0080217f                results_flag
                0x00802180                measurement_time
                0x00802182                long_measurement_tiem
 .bss           0x00802184        0x3 mmc.o
 .bss           0x00802187        0x0 rtc32_driver.o
 .bss           0x00802187        0x0 vbat.o
 .bss           0x00802187        0x2 xitoa.o
                0x00802187                xfunc_out
 .bss           0x00802189        0x0 c:/program files (x86)/atmel/avr studio 5.1/extensions/atmel/avrgcc/3.3.1.27/avrtoolchain/bin/../lib/gcc/avr/4.5.1/../../../../avr/lib/avrxmega6\libm.a(addsf3.o)
 .bss           0x00802189        0x0 c:/program files (x86)/atmel/avr studio 5.1/extensions/atmel/avrgcc/3.3.1.27/avrtoolchain/bin/../lib/gcc/avr/4.5.1/../../../../avr/lib/avrxmega6\libm.a(addsf3x.o)
 .bss           0x00802189        0x0 c:/program files (x86)/atmel/avr studio 5.1/extensions/atmel/avrgcc/3.3.1.27/avrtoolchain/bin/../lib/gcc/avr/4.5.1/../../../../avr/lib/avrxmega6\libm.a(cmpsf2.o)
 .bss           0x00802189        0x0 c:/program files (x86)/atmel/avr studio 5.1/extensions/atmel/avrgcc/3.3.1.27/avrtoolchain/bin/../lib/gcc/avr/4.5.1/../../../../avr/lib/avrxmega6\libm.a(divsf3.o)
 .bss           0x00802189        0x0 c:/program files (x86)/atmel/avr studio 5.1/extensions/atmel/avrgcc/3.3.1.27/avrtoolchain/bin/../lib/gcc/avr/4.5.1/../../../../avr/lib/avrxmega6\libm.a(divsf3x.o)
 .bss           0x00802189        0x0 c:/program files (x86)/atmel/avr studio 5.1/extensions/atmel/avrgcc/3.3.1.27/avrtoolchain/bin/../lib/gcc/avr/4.5.1/../../../../avr/lib/avrxmega6\libm.a(fixunssfsi.o)
 .bss           0x00802189        0x0 c:/program files (x86)/atmel/avr studio 5.1/extensions/atmel/avrgcc/3.3.1.27/avrtoolchain/bin/../lib/gcc/avr/4.5.1/../../../../avr/lib/avrxmega6\libm.a(floatsisf.o)
 .bss           0x00802189        0x0 c:/program files (x86)/atmel/avr studio 5.1/extensions/atmel/avrgcc/3.3.1.27/avrtoolchain/bin/../lib/gcc/avr/4.5.1/../../../../avr/lib/avrxmega6\libm.a(floor.o)
 .bss           0x00802189        0x0 c:/program files (x86)/atmel/avr studio 5.1/extensions/atmel/avrgcc/3.3.1.27/avrtoolchain/bin/../lib/gcc/avr/4.5.1/../../../../avr/lib/avrxmega6\libm.a(fp_cmp.o)
 .bss           0x00802189        0x0 c:/program files (x86)/atmel/avr studio 5.1/extensions/atmel/avrgcc/3.3.1.27/avrtoolchain/bin/../lib/gcc/avr/4.5.1/../../../../avr/lib/avrxmega6\libm.a(fp_inf.o)
 .bss           0x00802189        0x0 c:/program files (x86)/atmel/avr studio 5.1/extensions/atmel/avrgcc/3.3.1.27/avrtoolchain/bin/../lib/gcc/avr/4.5.1/../../../../avr/lib/avrxmega6\libm.a(fp_mintl.o)
 .bss           0x00802189        0x0 c:/program files (x86)/atmel/avr studio 5.1/extensions/atmel/avrgcc/3.3.1.27/avrtoolchain/bin/../lib/gcc/avr/4.5.1/../../../../avr/lib/avrxmega6\libm.a(fp_mpack.o)
 .bss           0x00802189        0x0 c:/program files (x86)/atmel/avr studio 5.1/extensions/atmel/avrgcc/3.3.1.27/avrtoolchain/bin/../lib/gcc/avr/4.5.1/../../../../avr/lib/avrxmega6\libm.a(fp_nan.o)
 .bss           0x00802189        0x0 c:/program files (x86)/atmel/avr studio 5.1/extensions/atmel/avrgcc/3.3.1.27/avrtoolchain/bin/../lib/gcc/avr/4.5.1/../../../../avr/lib/avrxmega6\libm.a(fp_pscA.o)
 .bss           0x00802189        0x0 c:/program files (x86)/atmel/avr studio 5.1/extensions/atmel/avrgcc/3.3.1.27/avrtoolchain/bin/../lib/gcc/avr/4.5.1/../../../../avr/lib/avrxmega6\libm.a(fp_pscB.o)
 .bss           0x00802189        0x0 c:/program files (x86)/atmel/avr studio 5.1/extensions/atmel/avrgcc/3.3.1.27/avrtoolchain/bin/../lib/gcc/avr/4.5.1/../../../../avr/lib/avrxmega6\libm.a(fp_round.o)
 .bss           0x00802189        0x0 c:/program files (x86)/atmel/avr studio 5.1/extensions/atmel/avrgcc/3.3.1.27/avrtoolchain/bin/../lib/gcc/avr/4.5.1/../../../../avr/lib/avrxmega6\libm.a(fp_split3.o)
 .bss           0x00802189        0x0 c:/program files (x86)/atmel/avr studio 5.1/extensions/atmel/avrgcc/3.3.1.27/avrtoolchain/bin/../lib/gcc/avr/4.5.1/../../../../avr/lib/avrxmega6\libm.a(fp_trunc.o)
 .bss           0x00802189        0x0 c:/program files (x86)/atmel/avr studio 5.1/extensions/atmel/avrgcc/3.3.1.27/avrtoolchain/bin/../lib/gcc/avr/4.5.1/../../../../avr/lib/avrxmega6\libm.a(fp_zero.o)
 .bss           0x00802189        0x0 c:/program files (x86)/atmel/avr studio 5.1/extensions/atmel/avrgcc/3.3.1.27/avrtoolchain/bin/../lib/gcc/avr/4.5.1/../../../../avr/lib/avrxmega6\libm.a(gesf2.o)
 .bss           0x00802189        0x0 c:/program files (x86)/atmel/avr studio 5.1/extensions/atmel/avrgcc/3.3.1.27/avrtoolchain/bin/../lib/gcc/avr/4.5.1/../../../../avr/lib/avrxmega6\libm.a(mulsf3.o)
 .bss           0x00802189        0x0 c:/program files (x86)/atmel/avr studio 5.1/extensions/atmel/avrgcc/3.3.1.27/avrtoolchain/bin/../lib/gcc/avr/4.5.1/../../../../avr/lib/avrxmega6\libm.a(mulsf3x.o)
 .bss           0x00802189        0x0 c:/program files (x86)/atmel/avr studio 5.1/extensions/atmel/avrgcc/3.3.1.27/avrtoolchain/bin/../lib/gcc/avr/4.5.1/avrxmega6\libgcc.a(_mulsi3.o)
 .bss           0x00802189        0x0 c:/program files (x86)/atmel/avr studio 5.1/extensions/atmel/avrgcc/3.3.1.27/avrtoolchain/bin/../lib/gcc/avr/4.5.1/avrxmega6\libgcc.a(_divmodhi4.o)
 .bss           0x00802189        0x0 c:/program files (x86)/atmel/avr studio 5.1/extensions/atmel/avrgcc/3.3.1.27/avrtoolchain/bin/../lib/gcc/avr/4.5.1/avrxmega6\libgcc.a(_udivmodsi4.o)
 .bss           0x00802189        0x0 c:/program files (x86)/atmel/avr studio 5.1/extensions/atmel/avrgcc/3.3.1.27/avrtoolchain/bin/../lib/gcc/avr/4.5.1/avrxmega6\libgcc.a(_exit.o)
 .bss           0x00802189        0x0 c:/program files (x86)/atmel/avr studio 5.1/extensions/atmel/avrgcc/3.3.1.27/avrtoolchain/bin/../lib/gcc/avr/4.5.1/avrxmega6\libgcc.a(_copy_data.o)
 .bss           0x00802189        0x0 c:/program files (x86)/atmel/avr studio 5.1/extensions/atmel/avrgcc/3.3.1.27/avrtoolchain/bin/../lib/gcc/avr/4.5.1/avrxmega6\libgcc.a(_clear_bss.o)
 .bss           0x00802189        0x0 c:/program files (x86)/atmel/avr studio 5.1/extensions/atmel/avrgcc/3.3.1.27/avrtoolchain/bin/../lib/gcc/avr/4.5.1/avrxmega6\libgcc.a(_udivmodhi4.o)
 .bss           0x00802189        0x0 c:/program files (x86)/atmel/avr studio 5.1/extensions/atmel/avrgcc/3.3.1.27/avrtoolchain/bin/../lib/gcc/avr/4.5.1/../../../../avr/lib/avrxmega6\libc.a(sprintf.o)
 .bss           0x00802189        0x0 c:/program files (x86)/atmel/avr studio 5.1/extensions/atmel/avrgcc/3.3.1.27/avrtoolchain/bin/../lib/gcc/avr/4.5.1/../../../../avr/lib/avrxmega6\libc.a(vfprintf_std.o)
 .bss           0x00802189        0x0 c:/program files (x86)/atmel/avr studio 5.1/extensions/atmel/avrgcc/3.3.1.27/avrtoolchain/bin/../lib/gcc/avr/4.5.1/../../../../avr/lib/avrxmega6\libc.a(strnlen_P.o)
 .bss           0x00802189        0x0 c:/program files (x86)/atmel/avr studio 5.1/extensions/atmel/avrgcc/3.3.1.27/avrtoolchain/bin/../lib/gcc/avr/4.5.1/../../../../avr/lib/avrxmega6\libc.a(strnlen.o)
 .bss           0x00802189        0x0 c:/program files (x86)/atmel/avr studio 5.1/extensions/atmel/avrgcc/3.3.1.27/avrtoolchain/bin/../lib/gcc/avr/4.5.1/../../../../avr/lib/avrxmega6\libc.a(fputc.o)
 .bss           0x00802189        0x0 c:/program files (x86)/atmel/avr studio 5.1/extensions/atmel/avrgcc/3.3.1.27/avrtoolchain/bin/../lib/gcc/avr/4.5.1/../../../../avr/lib/avrxmega6\libc.a(ultoa_invert.o)
 *(.bss*)
 *(COMMON)
 COMMON         0x00802189      0x920 AccelRecorderProgram.o
                0x00802189                fs
                0x008023bb                buff
                0x00802433                fzap
                0x00802655                br
                0x00802657                fsrc
                0x00802879                miesiac
                0x0080287a                result
                0x00802880                godzina
                0x00802881                offset
                0x00802883                rok
                0x00802884                res
                0x00802885                flis
                0x00802aa7                minuty
                0x00802aa8                dzien
                0x00802aa9                PROVIDE (__bss_end, .)
                0x0000ad38                __data_load_start = LOADADDR (.data)
                0x0000aeaa                __data_load_end = (__data_load_start + SIZEOF (.data))

.noinit         0x00802aa9        0x0
                0x00802aa9                PROVIDE (__noinit_start, .)
 *(.noinit*)
                0x00802aa9                PROVIDE (__noinit_end, .)
                0x00802aa9                _end = .
                0x00802aa9                PROVIDE (__heap_start, .)

.eeprom         0x00810000        0x0
 *(.eeprom*)
                0x00810000                __eeprom_end = .

.fuse
 *(.fuse)
 *(.lfuse)
 *(.hfuse)
 *(.efuse)

.lock
 *(.lock*)

.signature
 *(.signature*)

.stab           0x00000000     0x2e5c
 *(.stab)
 .stab          0x00000000      0x6e4 c:/program files (x86)/atmel/avr studio 5.1/extensions/atmel/avrgcc/3.3.1.27/avrtoolchain/bin/../lib/gcc/avr/4.5.1/../../../../avr/lib/avrxmega6/crtx256a3b.o
 .stab          0x000006e4       0x78 c:/program files (x86)/atmel/avr studio 5.1/extensions/atmel/avrgcc/3.3.1.27/avrtoolchain/bin/../lib/gcc/avr/4.5.1/../../../../avr/lib/avrxmega6\libm.a(addsf3.o)
                                 0x84 (size before relaxing)
 .stab          0x0000075c      0x4bc c:/program files (x86)/atmel/avr studio 5.1/extensions/atmel/avrgcc/3.3.1.27/avrtoolchain/bin/../lib/gcc/avr/4.5.1/../../../../avr/lib/avrxmega6\libm.a(addsf3x.o)
                                0x4c8 (size before relaxing)
 .stab          0x00000c18       0x90 c:/program files (x86)/atmel/avr studio 5.1/extensions/atmel/avrgcc/3.3.1.27/avrtoolchain/bin/../lib/gcc/avr/4.5.1/../../../../avr/lib/avrxmega6\libm.a(cmpsf2.o)
                                 0x9c (size before relaxing)
 .stab          0x00000ca8       0x48 c:/program files (x86)/atmel/avr studio 5.1/extensions/atmel/avrgcc/3.3.1.27/avrtoolchain/bin/../lib/gcc/avr/4.5.1/../../../../avr/lib/avrxmega6\libm.a(divsf3.o)
                                 0x54 (size before relaxing)
 .stab          0x00000cf0      0x510 c:/program files (x86)/atmel/avr studio 5.1/extensions/atmel/avrgcc/3.3.1.27/avrtoolchain/bin/../lib/gcc/avr/4.5.1/../../../../avr/lib/avrxmega6\libm.a(divsf3x.o)
                                0x51c (size before relaxing)
 .stab          0x00001200      0x240 c:/program files (x86)/atmel/avr studio 5.1/extensions/atmel/avrgcc/3.3.1.27/avrtoolchain/bin/../lib/gcc/avr/4.5.1/../../../../avr/lib/avrxmega6\libm.a(fixunssfsi.o)
                                0x24c (size before relaxing)
 .stab          0x00001440      0x318 c:/program files (x86)/atmel/avr studio 5.1/extensions/atmel/avrgcc/3.3.1.27/avrtoolchain/bin/../lib/gcc/avr/4.5.1/../../../../avr/lib/avrxmega6\libm.a(floatsisf.o)
                                0x324 (size before relaxing)
 .stab          0x00001758      0x114 c:/program files (x86)/atmel/avr studio 5.1/extensions/atmel/avrgcc/3.3.1.27/avrtoolchain/bin/../lib/gcc/avr/4.5.1/../../../../avr/lib/avrxmega6\libm.a(floor.o)
                                0x120 (size before relaxing)
 .stab          0x0000186c      0x1e0 c:/program files (x86)/atmel/avr studio 5.1/extensions/atmel/avrgcc/3.3.1.27/avrtoolchain/bin/../lib/gcc/avr/4.5.1/../../../../avr/lib/avrxmega6\libm.a(fp_cmp.o)
                                0x1ec (size before relaxing)
 .stab          0x00001a4c       0x78 c:/program files (x86)/atmel/avr studio 5.1/extensions/atmel/avrgcc/3.3.1.27/avrtoolchain/bin/../lib/gcc/avr/4.5.1/../../../../avr/lib/avrxmega6\libm.a(fp_inf.o)
                                 0x84 (size before relaxing)
 .stab          0x00001ac4      0x174 c:/program files (x86)/atmel/avr studio 5.1/extensions/atmel/avrgcc/3.3.1.27/avrtoolchain/bin/../lib/gcc/avr/4.5.1/../../../../avr/lib/avrxmega6\libm.a(fp_mintl.o)
                                0x180 (size before relaxing)
 .stab          0x00001c38       0xe4 c:/program files (x86)/atmel/avr studio 5.1/extensions/atmel/avrgcc/3.3.1.27/avrtoolchain/bin/../lib/gcc/avr/4.5.1/../../../../avr/lib/avrxmega6\libm.a(fp_mpack.o)
                                 0xf0 (size before relaxing)
 .stab          0x00001d1c       0x54 c:/program files (x86)/atmel/avr studio 5.1/extensions/atmel/avrgcc/3.3.1.27/avrtoolchain/bin/../lib/gcc/avr/4.5.1/../../../../avr/lib/avrxmega6\libm.a(fp_nan.o)
                                 0x60 (size before relaxing)
 .stab          0x00001d70       0x84 c:/program files (x86)/atmel/avr studio 5.1/extensions/atmel/avrgcc/3.3.1.27/avrtoolchain/bin/../lib/gcc/avr/4.5.1/../../../../avr/lib/avrxmega6\libm.a(fp_pscA.o)
                                 0x90 (size before relaxing)
 .stab          0x00001df4       0x84 c:/program files (x86)/atmel/avr studio 5.1/extensions/atmel/avrgcc/3.3.1.27/avrtoolchain/bin/../lib/gcc/avr/4.5.1/../../../../avr/lib/avrxmega6\libm.a(fp_pscB.o)
                                 0x90 (size before relaxing)
 .stab          0x00001e78       0xfc c:/program files (x86)/atmel/avr studio 5.1/extensions/atmel/avrgcc/3.3.1.27/avrtoolchain/bin/../lib/gcc/avr/4.5.1/../../../../avr/lib/avrxmega6\libm.a(fp_round.o)
                                0x108 (size before relaxing)
 .stab          0x00001f74      0x1d4 c:/program files (x86)/atmel/avr studio 5.1/extensions/atmel/avrgcc/3.3.1.27/avrtoolchain/bin/../lib/gcc/avr/4.5.1/../../../../avr/lib/avrxmega6\libm.a(fp_split3.o)
                                0x1e0 (size before relaxing)
 .stab          0x00002148      0x144 c:/program files (x86)/atmel/avr studio 5.1/extensions/atmel/avrgcc/3.3.1.27/avrtoolchain/bin/../lib/gcc/avr/4.5.1/../../../../avr/lib/avrxmega6\libm.a(fp_trunc.o)
                                0x150 (size before relaxing)
 .stab          0x0000228c       0x90 c:/program files (x86)/atmel/avr studio 5.1/extensions/atmel/avrgcc/3.3.1.27/avrtoolchain/bin/../lib/gcc/avr/4.5.1/../../../../avr/lib/avrxmega6\libm.a(fp_zero.o)
                                 0x9c (size before relaxing)
 .stab          0x0000231c       0x6c c:/program files (x86)/atmel/avr studio 5.1/extensions/atmel/avrgcc/3.3.1.27/avrtoolchain/bin/../lib/gcc/avr/4.5.1/../../../../avr/lib/avrxmega6\libm.a(gesf2.o)
                                 0x78 (size before relaxing)
 .stab          0x00002388       0x48 c:/program files (x86)/atmel/avr studio 5.1/extensions/atmel/avrgcc/3.3.1.27/avrtoolchain/bin/../lib/gcc/avr/4.5.1/../../../../avr/lib/avrxmega6\libm.a(mulsf3.o)
                                 0x54 (size before relaxing)
 .stab          0x000023d0      0x4d4 c:/program files (x86)/atmel/avr studio 5.1/extensions/atmel/avrgcc/3.3.1.27/avrtoolchain/bin/../lib/gcc/avr/4.5.1/../../../../avr/lib/avrxmega6\libm.a(mulsf3x.o)
                                0x4e0 (size before relaxing)
 .stab          0x000028a4       0x9c c:/program files (x86)/atmel/avr studio 5.1/extensions/atmel/avrgcc/3.3.1.27/avrtoolchain/bin/../lib/gcc/avr/4.5.1/../../../../avr/lib/avrxmega6\libc.a(strnlen_P.o)
                                 0xa8 (size before relaxing)
 .stab          0x00002940       0x9c c:/program files (x86)/atmel/avr studio 5.1/extensions/atmel/avrgcc/3.3.1.27/avrtoolchain/bin/../lib/gcc/avr/4.5.1/../../../../avr/lib/avrxmega6\libc.a(strnlen.o)
                                 0xa8 (size before relaxing)
 .stab          0x000029dc      0x480 c:/program files (x86)/atmel/avr studio 5.1/extensions/atmel/avrgcc/3.3.1.27/avrtoolchain/bin/../lib/gcc/avr/4.5.1/../../../../avr/lib/avrxmega6\libc.a(ultoa_invert.o)
                                0x48c (size before relaxing)

.stabstr        0x00000000      0xb40
 *(.stabstr)
 .stabstr       0x00000000      0xb40 c:/program files (x86)/atmel/avr studio 5.1/extensions/atmel/avrgcc/3.3.1.27/avrtoolchain/bin/../lib/gcc/avr/4.5.1/../../../../avr/lib/avrxmega6/crtx256a3b.o

.stab.excl
 *(.stab.excl)

.stab.exclstr
 *(.stab.exclstr)

.stab.index
 *(.stab.index)

.stab.indexstr
 *(.stab.indexstr)

.comment
 *(.comment)

.debug
 *(.debug)

.line
 *(.line)

.debug_srcinfo
 *(.debug_srcinfo)

.debug_sfnames
 *(.debug_sfnames)

.debug_aranges  0x00000000      0x160
 *(.debug_aranges)
 .debug_aranges
                0x00000000       0x20 adc_driver.o
 .debug_aranges
                0x00000020       0x20 clksys_driver.o
 .debug_aranges
                0x00000040       0x20 ff.o
 .debug_aranges
                0x00000060       0x20 AccelRecorderProgram.o
 .debug_aranges
                0x00000080       0x20 mmc.o
 .debug_aranges
                0x000000a0       0x20 rtc32_driver.o
 .debug_aranges
                0x000000c0       0x20 vbat.o
 .debug_aranges
                0x000000e0       0x20 xitoa.o
 .debug_aranges
                0x00000100       0x20 c:/program files (x86)/atmel/avr studio 5.1/extensions/atmel/avrgcc/3.3.1.27/avrtoolchain/bin/../lib/gcc/avr/4.5.1/../../../../avr/lib/avrxmega6\libc.a(sprintf.o)
 .debug_aranges
                0x00000120       0x20 c:/program files (x86)/atmel/avr studio 5.1/extensions/atmel/avrgcc/3.3.1.27/avrtoolchain/bin/../lib/gcc/avr/4.5.1/../../../../avr/lib/avrxmega6\libc.a(vfprintf_std.o)
 .debug_aranges
                0x00000140       0x20 c:/program files (x86)/atmel/avr studio 5.1/extensions/atmel/avrgcc/3.3.1.27/avrtoolchain/bin/../lib/gcc/avr/4.5.1/../../../../avr/lib/avrxmega6\libc.a(fputc.o)

.debug_pubnames
                0x00000000      0x82a
 *(.debug_pubnames)
 .debug_pubnames
                0x00000000      0x13b adc_driver.o
 .debug_pubnames
                0x0000013b      0x129 clksys_driver.o
 .debug_pubnames
                0x00000264      0x16c ff.o
 .debug_pubnames
                0x000003d0      0x26a AccelRecorderProgram.o
 .debug_pubnames
                0x0000063a       0x85 mmc.o
 .debug_pubnames
                0x000006bf       0xc6 rtc32_driver.o
 .debug_pubnames
                0x00000785       0x4c vbat.o
 .debug_pubnames
                0x000007d1       0x1e c:/program files (x86)/atmel/avr studio 5.1/extensions/atmel/avrgcc/3.3.1.27/avrtoolchain/bin/../lib/gcc/avr/4.5.1/../../../../avr/lib/avrxmega6\libc.a(sprintf.o)
 .debug_pubnames
                0x000007ef       0x1f c:/program files (x86)/atmel/avr studio 5.1/extensions/atmel/avrgcc/3.3.1.27/avrtoolchain/bin/../lib/gcc/avr/4.5.1/../../../../avr/lib/avrxmega6\libc.a(vfprintf_std.o)
 .debug_pubnames
                0x0000080e       0x1c c:/program files (x86)/atmel/avr studio 5.1/extensions/atmel/avrgcc/3.3.1.27/avrtoolchain/bin/../lib/gcc/avr/4.5.1/../../../../avr/lib/avrxmega6\libc.a(fputc.o)

.debug_info     0x00000000     0x5d44
 *(.debug_info)
 .debug_info    0x00000000      0xad8 adc_driver.o
 .debug_info    0x00000ad8      0x5a5 clksys_driver.o
 .debug_info    0x0000107d     0x1dde ff.o
 .debug_info    0x00002e5b     0x19de AccelRecorderProgram.o
 .debug_info    0x00004839      0x76f mmc.o
 .debug_info    0x00004fa8      0x3db rtc32_driver.o
 .debug_info    0x00005383      0x2c8 vbat.o
 .debug_info    0x0000564b       0x8b xitoa.o
 .debug_info    0x000056d6      0x1b7 c:/program files (x86)/atmel/avr studio 5.1/extensions/atmel/avrgcc/3.3.1.27/avrtoolchain/bin/../lib/gcc/avr/4.5.1/../../../../avr/lib/avrxmega6\libc.a(sprintf.o)
 .debug_info    0x0000588d      0x350 c:/program files (x86)/atmel/avr studio 5.1/extensions/atmel/avrgcc/3.3.1.27/avrtoolchain/bin/../lib/gcc/avr/4.5.1/../../../../avr/lib/avrxmega6\libc.a(vfprintf_std.o)
 .debug_info    0x00005bdd      0x167 c:/program files (x86)/atmel/avr studio 5.1/extensions/atmel/avrgcc/3.3.1.27/avrtoolchain/bin/../lib/gcc/avr/4.5.1/../../../../avr/lib/avrxmega6\libc.a(fputc.o)
 *(.gnu.linkonce.wi.*)

.debug_abbrev   0x00000000      0xf19
 *(.debug_abbrev)
 .debug_abbrev  0x00000000      0x217 adc_driver.o
 .debug_abbrev  0x00000217      0x140 clksys_driver.o
 .debug_abbrev  0x00000357      0x179 ff.o
 .debug_abbrev  0x000004d0      0x2f5 AccelRecorderProgram.o
 .debug_abbrev  0x000007c5      0x1ca mmc.o
 .debug_abbrev  0x0000098f      0x126 rtc32_driver.o
 .debug_abbrev  0x00000ab5      0x11b vbat.o
 .debug_abbrev  0x00000bd0       0x14 xitoa.o
 .debug_abbrev  0x00000be4       0xfd c:/program files (x86)/atmel/avr studio 5.1/extensions/atmel/avrgcc/3.3.1.27/avrtoolchain/bin/../lib/gcc/avr/4.5.1/../../../../avr/lib/avrxmega6\libc.a(sprintf.o)
 .debug_abbrev  0x00000ce1      0x15f c:/program files (x86)/atmel/avr studio 5.1/extensions/atmel/avrgcc/3.3.1.27/avrtoolchain/bin/../lib/gcc/avr/4.5.1/../../../../avr/lib/avrxmega6\libc.a(vfprintf_std.o)
 .debug_abbrev  0x00000e40       0xd9 c:/program files (x86)/atmel/avr studio 5.1/extensions/atmel/avrgcc/3.3.1.27/avrtoolchain/bin/../lib/gcc/avr/4.5.1/../../../../avr/lib/avrxmega6\libc.a(fputc.o)

.debug_line     0x00000000     0x6238
 *(.debug_line)
 .debug_line    0x00000000      0x5ee adc_driver.o
 .debug_line    0x000005ee      0x327 clksys_driver.o
 .debug_line    0x00000915     0x3492 ff.o
 .debug_line    0x00003da7      0x838 AccelRecorderProgram.o
 .debug_line    0x000045df      0xa9e mmc.o
 .debug_line    0x0000507d      0x2e6 rtc32_driver.o
 .debug_line    0x00005363      0x3df vbat.o
 .debug_line    0x00005742      0x14d xitoa.o
 .debug_line    0x0000588f      0x1d7 c:/program files (x86)/atmel/avr studio 5.1/extensions/atmel/avrgcc/3.3.1.27/avrtoolchain/bin/../lib/gcc/avr/4.5.1/../../../../avr/lib/avrxmega6\libc.a(sprintf.o)
 .debug_line    0x00005a66      0x675 c:/program files (x86)/atmel/avr studio 5.1/extensions/atmel/avrgcc/3.3.1.27/avrtoolchain/bin/../lib/gcc/avr/4.5.1/../../../../avr/lib/avrxmega6\libc.a(vfprintf_std.o)
 .debug_line    0x000060db      0x15d c:/program files (x86)/atmel/avr studio 5.1/extensions/atmel/avrgcc/3.3.1.27/avrtoolchain/bin/../lib/gcc/avr/4.5.1/../../../../avr/lib/avrxmega6\libc.a(fputc.o)

.debug_frame    0x00000000      0x7e0
 *(.debug_frame)
 .debug_frame   0x00000000       0xc0 adc_driver.o
 .debug_frame   0x000000c0       0xb0 clksys_driver.o
 .debug_frame   0x00000170      0x340 ff.o
 .debug_frame   0x000004b0       0xc0 AccelRecorderProgram.o
 .debug_frame   0x00000570      0x140 mmc.o
 .debug_frame   0x000006b0       0x90 rtc32_driver.o
 .debug_frame   0x00000740       0x40 vbat.o
 .debug_frame   0x00000780       0x20 c:/program files (x86)/atmel/avr studio 5.1/extensions/atmel/avrgcc/3.3.1.27/avrtoolchain/bin/../lib/gcc/avr/4.5.1/../../../../avr/lib/avrxmega6\libc.a(sprintf.o)
 .debug_frame   0x000007a0       0x20 c:/program files (x86)/atmel/avr studio 5.1/extensions/atmel/avrgcc/3.3.1.27/avrtoolchain/bin/../lib/gcc/avr/4.5.1/../../../../avr/lib/avrxmega6\libc.a(vfprintf_std.o)
 .debug_frame   0x000007c0       0x20 c:/program files (x86)/atmel/avr studio 5.1/extensions/atmel/avrgcc/3.3.1.27/avrtoolchain/bin/../lib/gcc/avr/4.5.1/../../../../avr/lib/avrxmega6\libc.a(fputc.o)

.debug_str      0x00000000     0x2293
 *(.debug_str)
 .debug_str     0x00000000      0x7b6 adc_driver.o
                                0x81b (size before relaxing)
 .debug_str     0x000007b6      0x5ef clksys_driver.o
                                0x6f8 (size before relaxing)
 .debug_str     0x00000da5      0x54c ff.o
                                0x64b (size before relaxing)
 .debug_str     0x000012f1      0xa23 AccelRecorderProgram.o
                               0x120d (size before relaxing)
 .debug_str     0x00001d14      0x12e mmc.o
                                0x364 (size before relaxing)
 .debug_str     0x00001e42      0x244 rtc32_driver.o
                                0x350 (size before relaxing)
 .debug_str     0x00002086       0x84 vbat.o
                                0x1de (size before relaxing)
 .debug_str     0x0000210a       0x7e c:/program files (x86)/atmel/avr studio 5.1/extensions/atmel/avrgcc/3.3.1.27/avrtoolchain/bin/../lib/gcc/avr/4.5.1/../../../../avr/lib/avrxmega6\libc.a(sprintf.o)
                                0x12c (size before relaxing)
 .debug_str     0x00002188       0xaa c:/program files (x86)/atmel/avr studio 5.1/extensions/atmel/avrgcc/3.3.1.27/avrtoolchain/bin/../lib/gcc/avr/4.5.1/../../../../avr/lib/avrxmega6\libc.a(vfprintf_std.o)
                                0x182 (size before relaxing)
 .debug_str     0x00002232       0x61 c:/program files (x86)/atmel/avr studio 5.1/extensions/atmel/avrgcc/3.3.1.27/avrtoolchain/bin/../lib/gcc/avr/4.5.1/../../../../avr/lib/avrxmega6\libc.a(fputc.o)
                                0x106 (size before relaxing)

.debug_loc      0x00000000      0x701
 *(.debug_loc)
 .debug_loc     0x00000000      0x6b1 c:/program files (x86)/atmel/avr studio 5.1/extensions/atmel/avrgcc/3.3.1.27/avrtoolchain/bin/../lib/gcc/avr/4.5.1/../../../../avr/lib/avrxmega6\libc.a(vfprintf_std.o)
 .debug_loc     0x000006b1       0x50 c:/program files (x86)/atmel/avr studio 5.1/extensions/atmel/avrgcc/3.3.1.27/avrtoolchain/bin/../lib/gcc/avr/4.5.1/../../../../avr/lib/avrxmega6\libc.a(fputc.o)

.debug_macinfo
 *(.debug_macinfo)
OUTPUT(Generator wersja lipcowa.elf elf32-avr)
LOAD linker stubs

.debug_pubtypes
                0x00000000      0x78d
 .debug_pubtypes
                0x00000000       0xa2 adc_driver.o
 .debug_pubtypes
                0x000000a2      0x185 clksys_driver.o
 .debug_pubtypes
                0x00000227       0xa8 ff.o
 .debug_pubtypes
                0x000002cf      0x295 AccelRecorderProgram.o
 .debug_pubtypes
                0x00000564       0x83 mmc.o
 .debug_pubtypes
                0x000005e7       0x9c rtc32_driver.o
 .debug_pubtypes
                0x00000683       0x46 vbat.o
 .debug_pubtypes
                0x000006c9       0x48 c:/program files (x86)/atmel/avr studio 5.1/extensions/atmel/avrgcc/3.3.1.27/avrtoolchain/bin/../lib/gcc/avr/4.5.1/../../../../avr/lib/avrxmega6\libc.a(sprintf.o)
 .debug_pubtypes
                0x00000711       0x53 c:/program files (x86)/atmel/avr studio 5.1/extensions/atmel/avrgcc/3.3.1.27/avrtoolchain/bin/../lib/gcc/avr/4.5.1/../../../../avr/lib/avrxmega6\libc.a(vfprintf_std.o)
 .debug_pubtypes
                0x00000764       0x29 c:/program files (x86)/atmel/avr studio 5.1/extensions/atmel/avrgcc/3.3.1.27/avrtoolchain/bin/../lib/gcc/avr/4.5.1/../../../../avr/lib/avrxmega6\libc.a(fputc.o)

.debug_ranges   0x00000000       0x48
 .debug_ranges  0x00000000       0x10 c:/program files (x86)/atmel/avr studio 5.1/extensions/atmel/avrgcc/3.3.1.27/avrtoolchain/bin/../lib/gcc/avr/4.5.1/../../../../avr/lib/avrxmega6\libc.a(sprintf.o)
 .debug_ranges  0x00000010       0x28 c:/program files (x86)/atmel/avr studio 5.1/extensions/atmel/avrgcc/3.3.1.27/avrtoolchain/bin/../lib/gcc/avr/4.5.1/../../../../avr/lib/avrxmega6\libc.a(vfprintf_std.o)
 .debug_ranges  0x00000038       0x10 c:/program files (x86)/atmel/avr studio 5.1/extensions/atmel/avrgcc/3.3.1.27/avrtoolchain/bin/../lib/gcc/avr/4.5.1/../../../../avr/lib/avrxmega6\libc.a(fputc.o)
